// Jest Snapshot v1, https://goo.gl/fbAQLP

exports[`Header renders correctly 1`] = `
<DocumentFragment>
  <div
    class="MuiBox-root MuiBox-root-11 makeStyles-header-1"
  >
    <div
      class="MuiBox-root MuiBox-root-12 makeStyles-headerLeft-2"
    >
      <svg
        color="#1877f2"
        fill="currentColor"
        height="40"
        role="img"
        size="40"
        stroke="currentColor"
        stroke-width="0"
        style="color: rgb(24, 119, 242);"
        viewBox="0 0 24 24"
        width="40"
        xmlns="http://www.w3.org/2000/svg"
      >
        <title />
        <path
          d="M23.9981 11.9991C23.9981 5.37216 18.626 0 11.9991 0C5.37216 0 0 5.37216 0 11.9991C0 17.9882 4.38789 22.9522 10.1242 23.8524V15.4676H7.07758V11.9991H10.1242V9.35553C10.1242 6.34826 11.9156 4.68714 14.6564 4.68714C15.9692 4.68714 17.3424 4.92149 17.3424 4.92149V7.87439H15.8294C14.3388 7.87439 13.8739 8.79933 13.8739 9.74824V11.9991H17.2018L16.6698 15.4676H13.8739V23.8524C19.6103 22.9522 23.9981 17.9882 23.9981 11.9991Z"
        />
      </svg>
      <div
        class="MuiBox-root MuiBox-root-13 makeStyles-headerInput-5"
      >
        <svg
          fill="currentColor"
          height="1em"
          stroke="currentColor"
          stroke-width="0"
          viewBox="0 0 512 512"
          width="1em"
          xmlns="http://www.w3.org/2000/svg"
        >
          <path
            d="M505 442.7L405.3 343c-4.5-4.5-10.6-7-17-7H372c27.6-35.3 44-79.7 44-128C416 93.1 322.9 0 208 0S0 93.1 0 208s93.1 208 208 208c48.3 0 92.7-16.4 128-44v16.3c0 6.4 2.5 12.5 7 17l99.7 99.7c9.4 9.4 24.6 9.4 33.9 0l28.3-28.3c9.4-9.4 9.4-24.6.1-34zM208 336c-70.7 0-128-57.2-128-128 0-70.7 57.2-128 128-128 70.7 0 128 57.2 128 128 0 70.7-57.2 128-128 128z"
          />
        </svg>
        <input
          class="makeStyles-inputField-8"
          placeholder="Search Facebook"
          type="text"
        />
      </div>
    </div>
    <div
      class="MuiBox-root MuiBox-root-14 makeStyles-headerCenter-3"
    >
      <div
        class="MuiBox-root MuiBox-root-15 makeStyles-headerOption-6"
      >
        <svg
          class="makeStyles-middleIcon-9"
          fill="currentColor"
          height="32"
          size="32"
          stroke="currentColor"
          stroke-width="0"
          viewBox="0 0 1024 1024"
          width="32"
          xmlns="http://www.w3.org/2000/svg"
        >
          <path
            d="M946.5 505L534.6 93.4a31.93 31.93 0 0 0-45.2 0L77.5 505c-12 12-18.8 28.3-18.8 45.3 0 35.3 28.7 64 64 64h43.4V908c0 17.7 14.3 32 32 32H448V716h112v224h265.9c17.7 0 32-14.3 32-32V614.3h43.4c17 0 33.3-6.7 45.3-18.8 24.9-25 24.9-65.5-.1-90.5z"
          />
        </svg>
      </div>
      <div
        class="MuiBox-root MuiBox-root-16 makeStyles-headerOption-6"
      >
        <svg
          class="makeStyles-middleIcon-9"
          fill="currentColor"
          height="32"
          size="32"
          stroke="currentColor"
          stroke-width="0"
          viewBox="0 0 1024 1024"
          width="32"
          xmlns="http://www.w3.org/2000/svg"
        >
          <path
            d="M880 305H624V192c0-17.7-14.3-32-32-32H184v-40c0-4.4-3.6-8-8-8h-56c-4.4 0-8 3.6-8 8v784c0 4.4 3.6 8 8 8h56c4.4 0 8-3.6 8-8V640h248v113c0 17.7 14.3 32 32 32h416c17.7 0 32-14.3 32-32V337c0-17.7-14.3-32-32-32z"
          />
        </svg>
      </div>
      <div
        class="MuiBox-root MuiBox-root-17 makeStyles-headerOption-6"
      >
        <svg
          class="makeStyles-middleIcon-9"
          fill="currentColor"
          height="32"
          size="32"
          stroke="currentColor"
          stroke-width="0"
          viewBox="0 0 24 24"
          width="32"
          xmlns="http://www.w3.org/2000/svg"
        >
          <path
            d="M20 8H4V6h16v2zm-2-6H6v2h12V2zm4 10v8c0 1.1-.9 2-2 2H4c-1.1 0-2-.9-2-2v-8c0-1.1.9-2 2-2h16c1.1 0 2 .9 2 2zm-6 4l-6-3.27v6.53L16 16z"
          />
        </svg>
      </div>
      <div
        class="MuiBox-root MuiBox-root-18 makeStyles-headerOption-6"
      >
        <svg
          class="makeStyles-middleIcon-9"
          fill="currentColor"
          height="32"
          size="32"
          stroke="currentColor"
          stroke-width="0"
          viewBox="0 0 24 24"
          width="32"
          xmlns="http://www.w3.org/2000/svg"
        >
          <path
            d="M22,5c0-1.654-1.346-3-3-3H5C3.346,2,2,3.346,2,5v2.831c0,1.053,0.382,2.01,1,2.746V19c0,1.103,0.897,2,2,2h4h6h4	c1.103,0,2-0.897,2-2v-8.424c0.618-0.735,1-1.692,1-2.746V5z M20,5v2.831c0,1.14-0.849,2.112-1.891,2.167L18,10	c-1.103,0-2-0.897-2-2V4h3C19.552,4,20,4.449,20,5z M10,4h4v4c0,1.103-0.897,2-2,2s-2-0.897-2-2V4z M4,5c0-0.551,0.448-1,1-1h3v4	c0,1.103-0.897,2-2,2L5.891,9.997C4.849,9.943,4,8.971,4,7.831V5z M10,19v-3h4v3H10z M16,19v-3c0-1.103-0.897-2-2-2h-4	c-1.103,0-2,0.897-2,2v3H5v-7.131c0.254,0.067,0.517,0.111,0.787,0.125C7.068,12.061,8.224,11.523,9,10.643	C9.733,11.475,10.807,12,12,12s2.267-0.525,3-1.357c0.776,0.88,1.934,1.419,3.213,1.351c0.271-0.014,0.533-0.058,0.787-0.125V19H16z"
          />
        </svg>
      </div>
      <div
        class="MuiBox-root MuiBox-root-19 makeStyles-headerOption-6"
      >
        <svg
          class="makeStyles-middleIcon-9"
          fill="currentColor"
          height="32"
          size="32"
          stroke="currentColor"
          stroke-width="0"
          viewBox="0 0 24 24"
          width="32"
          xmlns="http://www.w3.org/2000/svg"
        >
          <path
            d="M16.5 12c1.38 0 2.49-1.12 2.49-2.5S17.88 7 16.5 7C15.12 7 14 8.12 14 9.5s1.12 2.5 2.5 2.5zM9 11c1.66 0 2.99-1.34 2.99-3S10.66 5 9 5C7.34 5 6 6.34 6 8s1.34 3 3 3zm7.5 3c-1.83 0-5.5.92-5.5 2.75V19h11v-2.25c0-1.83-3.67-2.75-5.5-2.75zM9 13c-2.33 0-7 1.17-7 3.5V19h7v-2.25c0-.85.33-2.34 2.37-3.47C10.5 13.1 9.66 13 9 13z"
          />
        </svg>
      </div>
    </div>
    <div
      class="MuiBox-root MuiBox-root-20 makeStyles-headerRight-4"
    >
      <div
        class="MuiBox-root MuiBox-root-21 makeStyles-headerInfo-7"
      >
        <div
          class="MuiAvatar-root MuiAvatar-circle MuiAvatar-colorDefault"
        >
          <svg
            aria-hidden="true"
            class="MuiSvgIcon-root MuiAvatar-fallback"
            focusable="false"
            viewBox="0 0 24 24"
          >
            <path
              d="M12 12c2.21 0 4-1.79 4-4s-1.79-4-4-4-4 1.79-4 4 1.79 4 4 4zm0 2c-2.67 0-8 1.34-8 4v2h16v-2c0-2.66-5.33-4-8-4z"
            />
          </svg>
        </div>
        <h5
          class="MuiTypography-root makeStyles-userName-10 MuiTypography-h5"
        />
      </div>
      <button
        class="MuiButtonBase-root MuiIconButton-root"
        tabindex="0"
        type="button"
      >
        <span
          class="MuiIconButton-label"
        >
          <svg
            fill="currentColor"
            height="24"
            size="24"
            stroke="currentColor"
            stroke-width="0"
            viewBox="0 0 512 512"
            width="24"
            xmlns="http://www.w3.org/2000/svg"
          >
            <path
              d="M416 277.333H277.333V416h-42.666V277.333H96v-42.666h138.667V96h42.666v138.667H416v42.666z"
            />
          </svg>
        </span>
        <span
          class="MuiTouchRipple-root"
        />
      </button>
      <button
        class="MuiButtonBase-root MuiIconButton-root"
        tabindex="0"
        type="button"
      >
        <span
          class="MuiIconButton-label"
        >
          <svg
            fill="currentColor"
            height="24"
            size="24"
            stroke="currentColor"
            stroke-width="0"
            viewBox="0 0 24 24"
            width="24"
            xmlns="http://www.w3.org/2000/svg"
          >
            <path
              d="M21 6h-2v9H6v2c0 .55.45 1 1 1h11l4 4V7c0-.55-.45-1-1-1zm-4 6V3c0-.55-.45-1-1-1H3c-.55 0-1 .45-1 1v14l4-4h10c.55 0 1-.45 1-1z"
            />
          </svg>
        </span>
        <span
          class="MuiTouchRipple-root"
        />
      </button>
      <button
        class="MuiButtonBase-root MuiIconButton-root"
        tabindex="0"
        type="button"
      >
        <span
          class="MuiIconButton-label"
        >
          <svg
            fill="currentColor"
            height="24"
            role="img"
            size="24"
            stroke="currentColor"
            stroke-width="0"
            viewBox="0 0 24 24"
            width="24"
            xmlns="http://www.w3.org/2000/svg"
          >
            <title />
            <path
              d="M0 11.64C0 4.95 5.24 0 12 0s12 4.95 12 11.64-5.24 11.64-12 11.64c-1.21 0-2.38-.16-3.47-.46a.96.96 0 0 0-.64.05L5.5 23.92a.96.96 0 0 1-1.35-.85l-.07-2.14a.97.97 0 0 0-.32-.68A11.39 11.39 0 0 1 0 11.64zm8.32-2.19l-3.52 5.6c-.35.53.32 1.14.82.75l3.79-2.87c.26-.2.6-.2.87 0l2.8 2.1c.84.63 2.04.4 2.6-.48l3.52-5.6c.35-.53-.32-1.13-.82-.75l-3.79 2.87c-.25.2-.6.2-.86 0l-2.8-2.1a1.8 1.8 0 0 0-2.61.48z"
            />
          </svg>
        </span>
        <span
          class="MuiTouchRipple-root"
        />
      </button>
      <button
        class="MuiButtonBase-root MuiIconButton-root"
        tabindex="0"
        type="button"
      >
        <span
          class="MuiIconButton-label"
        >
          <svg
            fill="currentColor"
            height="24"
            size="24"
            stroke="currentColor"
            stroke-width="0"
            viewBox="0 0 24 24"
            width="24"
            xmlns="http://www.w3.org/2000/svg"
          >
            <path
              d="M7.58 4.08L6.15 2.65C3.75 4.48 2.17 7.3 2.03 10.5h2c.15-2.65 1.51-4.97 3.55-6.42zm12.39 6.42h2c-.15-3.2-1.73-6.02-4.12-7.85l-1.42 1.43c2.02 1.45 3.39 3.77 3.54 6.42zM18 11c0-3.07-1.64-5.64-4.5-6.32V4c0-.83-.67-1.5-1.5-1.5s-1.5.67-1.5 1.5v.68C7.63 5.36 6 7.92 6 11v5l-2 2v1h16v-1l-2-2v-5zm-6 11c.14 0 .27-.01.4-.04.65-.14 1.18-.58 1.44-1.18.1-.24.15-.5.15-.78h-4c.01 1.1.9 2 2.01 2z"
            />
          </svg>
        </span>
        <span
          class="MuiTouchRipple-root"
        />
      </button>
      <button
        class="MuiButtonBase-root MuiIconButton-root"
        tabindex="0"
        type="button"
      >
        <span
          class="MuiIconButton-label"
        >
          <svg
            fill="currentColor"
            height="24"
            size="24"
            stroke="currentColor"
            stroke-width="0"
            viewBox="0 0 24 24"
            width="24"
            xmlns="http://www.w3.org/2000/svg"
          >
            <path
              d="M16.59 8.59L12 13.17 7.41 8.59 6 10l6 6 6-6z"
            />
          </svg>
        </span>
        <span
          class="MuiTouchRipple-root"
        />
      </button>
    </div>
  </div>
</DocumentFragment>
`;
