// Jest Snapshot v1, https://goo.gl/fbAQLP

exports[`Widget renders correctly 1`] = `
<DocumentFragment>
  <div
    class="MuiBox-root MuiBox-root-3 makeStyles-widgets-1"
  >
    <iframe
      allow="encrypted-media"
      class="makeStyles-plugin-2"
      frameborder="0"
      height="100%"
      scrolling="no"
      src="https://www.facebook.com/plugins/page.php?href=https%3A%2F%2Fwww.facebook.com%2FFac2Pedia-1818827908414968%2F&tabs=timeline&width=340&height=500&small_header=false&adapt_container_width=true&hide_cover=false&show_facepile=true&appId"
      title="fb-plugin"
      width="340"
    />
  </div>
</DocumentFragment>
`;
